RAM Allocation [bytes]
Variable                                                                          Address   Size
------------------------------------------------------------------------------------------------
_base_y                                                                           0x01E6       4

EEPROM Allocation [bytes]
Variable                                                                          Address   Size
------------------------------------------------------------------------------------------------

Register Allocation
Variable                                                                          Register  Size
------------------------------------------------------------------------------------------------
_lcd_x                                                                            R5           1
_lcd_y                                                                            R4           1
_lcd_maxx                                                                         R7           1

FLASH Allocation [words]
Function                                                                          Address   Size
------------------------------------------------------------------------------------------------
main                                                                              0x0010B    159
_lcd_write_nibble_G100                                                            0x001AA     14
_lcd_write_data                                                                   0x001B8     12
lcd_gotoxy                                                                        0x001C4     13
lcd_clear                                                                         0x001D1     10
lcd_putchar                                                                       0x001DB     21
lcd_puts                                                                          0x001F0     15
lcd_init                                                                          0x001FF     41
getchar                                                                           0x00228      4
putchar                                                                           0x0022C      7
gets                                                                              0x00233     43
put_usart_G101                                                                    0x0025E     12
_print_G101                                                                       0x0026A    278
printf                                                                            0x00380     30
strcmp                                                                            0x0039E     19
strlen                                                                            0x003B1     11
strlenf                                                                           0x003BC     12
strncpy                                                                           0x003C8     21
